###############################################################################
#
# IAR ELF Linker V8.22.2.15995/W32 for ARM                09/Jun/2018  19:09:30
# Copyright 2007-2018 IAR Systems AB.
#
#    Output file  =  
#        C:\Users\Tommy\Documents\ARM
#        Projects\Projects\STM32L152_EXTINT\EWARM\Debug\Exe\STM32L152-EVAL.out
#    Map file     =  
#        C:\Users\Tommy\Documents\ARM
#        Projects\Projects\STM32L152_EXTINT\EWARM\Debug\List\STM32L152-EVAL.map
#    Command line =  
#        -f C:\Users\Tommy\AppData\Local\Temp\EW661A.tmp
#        ("C:\Users\Tommy\Documents\ARM
#        Projects\Projects\STM32L152_EXTINT\EWARM\Debug\Obj\main.o"
#        "C:\Users\Tommy\Documents\ARM
#        Projects\Projects\STM32L152_EXTINT\EWARM\Debug\Obj\misc.o"
#        "C:\Users\Tommy\Documents\ARM
#        Projects\Projects\STM32L152_EXTINT\EWARM\Debug\Obj\startup_stm32l1xx_xl.o"
#        "C:\Users\Tommy\Documents\ARM
#        Projects\Projects\STM32L152_EXTINT\EWARM\Debug\Obj\stm32l1xx_exti.o"
#        "C:\Users\Tommy\Documents\ARM
#        Projects\Projects\STM32L152_EXTINT\EWARM\Debug\Obj\stm32l1xx_gpio.o"
#        "C:\Users\Tommy\Documents\ARM
#        Projects\Projects\STM32L152_EXTINT\EWARM\Debug\Obj\stm32l1xx_it.o"
#        "C:\Users\Tommy\Documents\ARM
#        Projects\Projects\STM32L152_EXTINT\EWARM\Debug\Obj\stm32l1xx_rcc.o"
#        "C:\Users\Tommy\Documents\ARM
#        Projects\Projects\STM32L152_EXTINT\EWARM\Debug\Obj\stm32l1xx_syscfg.o"
#        "C:\Users\Tommy\Documents\ARM
#        Projects\Projects\STM32L152_EXTINT\EWARM\Debug\Obj\system_stm32l1xx.o"
#        --redirect _Printf=_PrintfFull --redirect _Scanf=_ScanfFull -o
#        "C:\Users\Tommy\Documents\ARM
#        Projects\Projects\STM32L152_EXTINT\EWARM\Debug\Exe\STM32L152-EVAL.out"
#        --map "C:\Users\Tommy\Documents\ARM
#        Projects\Projects\STM32L152_EXTINT\EWARM\Debug\List\STM32L152-EVAL.map"
#        --config "C:\Users\Tommy\Documents\ARM
#        Projects\Projects\STM32L152_EXTINT\EWARM\stm32l1xx_flash.icf"
#        --semihosting --entry __iar_program_start --no_exceptions --no_vfe
#        --text_out locale)
#
###############################################################################

*******************************************************************************
*** RUNTIME MODEL ATTRIBUTES
***

CppFlavor       = *
__SystemLibrary = DLib
__dlib_version  = 6


*******************************************************************************
*** HEAP SELECTION
***

The basic heap was selected because some modules are built with
size limitations (and not runtime checking), and --advanced_heap
was not specified.


*******************************************************************************
*** PLACEMENT SUMMARY
***

"A0":  place at 0x08000000 { ro section .intvec };
"P1":  place in [from 0x08000000 to 0x0807ffff] { ro };
define block CSTACK with size = 1K, alignment = 8 { };
define block HEAP with size = 512, alignment = 8 { };
"P2":  place in [from 0x20000000 to 0x20013fff] {
          rw, block CSTACK, block HEAP };

  Section          Kind        Address   Size  Object
  -------          ----        -------   ----  ------
"A0":                                   0x124
  .intvec          ro code  0x08000000  0x124  startup_stm32l1xx_xl.o [1]
                          - 0x08000124  0x124

"P1":                                   0x75c
  .text            ro code  0x08000124  0x174  system_stm32l1xx.o [1]
  .text            ro code  0x08000298  0x11c  main.o [1]
  .text            ro code  0x080003b4   0x48  stm32l1xx_rcc.o [1]
  .text            ro code  0x080003fc  0x10a  stm32l1xx_gpio.o [1]
  .text            ro code  0x08000508   0x5c  stm32l1xx_syscfg.o [1]
  .text            ro code  0x08000564   0xb8  stm32l1xx_exti.o [1]
  .text            ro code  0x0800061c   0x78  misc.o [1]
  .text            ro code  0x08000694   0x40  zero_init3.o [4]
  .text            ro code  0x080006d4   0x34  stm32l1xx_it.o [1]
  .text            ro code  0x08000708   0x28  data_init.o [4]
  .iar.init_table  const    0x08000730   0x10  - Linker created -
  .text            ro code  0x08000740   0x1e  cmain.o [4]
  .text            ro code  0x0800075e    0x4  low_level_init.o [3]
  .text            ro code  0x08000762    0x4  exit.o [3]
  .text            ro code  0x08000768    0xa  cexit.o [4]
  .text            ro code  0x08000774   0x14  exit.o [5]
  .text            ro code  0x08000788   0x10  startup_stm32l1xx_xl.o [1]
  .text            ro code  0x08000798    0xc  cstartup_M.o [4]
  .text            ro code  0x080007a4    0x4  startup_stm32l1xx_xl.o [1]
  .text            ro code  0x080007a8    0x4  startup_stm32l1xx_xl.o [1]
  .text            ro code  0x080007ac    0x4  startup_stm32l1xx_xl.o [1]
  .text            ro code  0x080007b0    0x4  startup_stm32l1xx_xl.o [1]
  .text            ro code  0x080007b4    0x4  startup_stm32l1xx_xl.o [1]
  .text            ro code  0x080007b8    0x4  startup_stm32l1xx_xl.o [1]
  .text            ro code  0x080007bc    0x4  startup_stm32l1xx_xl.o [1]
  .text            ro code  0x080007c0    0x4  startup_stm32l1xx_xl.o [1]
  .text            ro code  0x080007c4    0x4  startup_stm32l1xx_xl.o [1]
  .text            ro code  0x080007c8    0x4  startup_stm32l1xx_xl.o [1]
  .text            ro code  0x080007cc    0x4  startup_stm32l1xx_xl.o [1]
  .text            ro code  0x080007d0    0x4  startup_stm32l1xx_xl.o [1]
  .text            ro code  0x080007d4    0x4  startup_stm32l1xx_xl.o [1]
  .text            ro code  0x080007d8    0x4  startup_stm32l1xx_xl.o [1]
  .text            ro code  0x080007dc    0x4  startup_stm32l1xx_xl.o [1]
  .text            ro code  0x080007e0    0x4  startup_stm32l1xx_xl.o [1]
  .text            ro code  0x080007e4    0x4  startup_stm32l1xx_xl.o [1]
  .text            ro code  0x080007e8    0x4  startup_stm32l1xx_xl.o [1]
  .text            ro code  0x080007ec    0x4  startup_stm32l1xx_xl.o [1]
  .text            ro code  0x080007f0    0x4  startup_stm32l1xx_xl.o [1]
  .text            ro code  0x080007f4    0x4  startup_stm32l1xx_xl.o [1]
  .text            ro code  0x080007f8    0x4  startup_stm32l1xx_xl.o [1]
  .text            ro code  0x080007fc    0x4  startup_stm32l1xx_xl.o [1]
  .text            ro code  0x08000800    0x4  startup_stm32l1xx_xl.o [1]
  .text            ro code  0x08000804    0x4  startup_stm32l1xx_xl.o [1]
  .text            ro code  0x08000808    0x4  startup_stm32l1xx_xl.o [1]
  .text            ro code  0x0800080c    0x4  startup_stm32l1xx_xl.o [1]
  .text            ro code  0x08000810    0x4  startup_stm32l1xx_xl.o [1]
  .text            ro code  0x08000814    0x4  startup_stm32l1xx_xl.o [1]
  .text            ro code  0x08000818    0x4  startup_stm32l1xx_xl.o [1]
  .text            ro code  0x0800081c    0x4  startup_stm32l1xx_xl.o [1]
  .text            ro code  0x08000820    0x4  startup_stm32l1xx_xl.o [1]
  .text            ro code  0x08000824    0x4  startup_stm32l1xx_xl.o [1]
  .text            ro code  0x08000828    0x4  startup_stm32l1xx_xl.o [1]
  .text            ro code  0x0800082c    0x4  startup_stm32l1xx_xl.o [1]
  .text            ro code  0x08000830    0x4  startup_stm32l1xx_xl.o [1]
  .text            ro code  0x08000834    0x4  startup_stm32l1xx_xl.o [1]
  .text            ro code  0x08000838    0x4  startup_stm32l1xx_xl.o [1]
  .text            ro code  0x0800083c    0x4  startup_stm32l1xx_xl.o [1]
  .text            ro code  0x08000840    0x4  startup_stm32l1xx_xl.o [1]
  .text            ro code  0x08000844    0x4  startup_stm32l1xx_xl.o [1]
  .text            ro code  0x08000848    0x4  startup_stm32l1xx_xl.o [1]
  .text            ro code  0x0800084c    0x4  startup_stm32l1xx_xl.o [1]
  .text            ro code  0x08000850    0x4  startup_stm32l1xx_xl.o [1]
  .text            ro code  0x08000854    0x4  startup_stm32l1xx_xl.o [1]
  .text            ro code  0x08000858    0x4  startup_stm32l1xx_xl.o [1]
  .text            ro code  0x0800085c    0x4  startup_stm32l1xx_xl.o [1]
  .text            ro code  0x08000860    0x4  startup_stm32l1xx_xl.o [1]
  .text            ro code  0x08000864    0x4  startup_stm32l1xx_xl.o [1]
  .text            ro code  0x08000868    0x4  startup_stm32l1xx_xl.o [1]
  .text            ro code  0x0800086c    0x4  startup_stm32l1xx_xl.o [1]
  .text            ro code  0x08000870    0x4  startup_stm32l1xx_xl.o [1]
  .text            ro code  0x08000874    0x4  startup_stm32l1xx_xl.o [1]
  .text            ro code  0x08000878    0x4  startup_stm32l1xx_xl.o [1]
  .text            ro code  0x0800087c    0x4  startup_stm32l1xx_xl.o [1]
  .rodata          const    0x08000880    0x0  zero_init3.o [4]
                          - 0x08000880  0x75c

"P2", part 1 of 2:                       0x24
  .bss             zero     0x20000000    0x8  main.o [1]
  .bss             zero     0x20000008    0x8  main.o [1]
  .bss             zero     0x20000010    0x8  main.o [1]
  .bss             zero     0x20000018    0x8  main.o [1]
  .bss             zero     0x20000020    0x4  main.o [1]
                          - 0x20000024   0x24

"P2", part 2 of 2:                      0x400
  CSTACK                    0x20000028  0x400  <Block>
    CSTACK         uninit   0x20000028  0x400  <Block tail>
                          - 0x20000428  0x400


*******************************************************************************
*** INIT TABLE
***

          Address     Size
          -------     ----
Zero (__iar_zero_init3)
    1 destination range, total size 0x24:
          0x20000000  0x24



*******************************************************************************
*** MODULE SUMMARY
***

    Module                  ro code  ro data  rw data
    ------                  -------  -------  -------
C:\Users\Tommy\Documents\ARM Projects\Projects\STM32L152_EXTINT\EWARM\Debug\Obj: [1]
    main.o                      284                36
    misc.o                      120
    startup_stm32l1xx_xl.o      528
    stm32l1xx_exti.o            184
    stm32l1xx_gpio.o            266
    stm32l1xx_it.o               52
    stm32l1xx_rcc.o              72
    stm32l1xx_syscfg.o           92
    system_stm32l1xx.o          372
    -------------------------------------------------
    Total:                    1 970                36

command line: [2]
    -------------------------------------------------
    Total:

dl7M_tln.a: [3]
    exit.o                        4
    low_level_init.o              4
    -------------------------------------------------
    Total:                        8

rt7M_tl.a: [4]
    cexit.o                      10
    cmain.o                      30
    cstartup_M.o                 12
    data_init.o                  40
    zero_init3.o                 64
    -------------------------------------------------
    Total:                      156

shb_l.a: [5]
    exit.o                       20
    -------------------------------------------------
    Total:                       20

    Gaps                          6
    Linker created                        16    1 024
-----------------------------------------------------
    Grand Total:              2 160       16    1 060


*******************************************************************************
*** ENTRY LIST
***

Entry                      Address  Size  Type      Object
-----                      -------  ----  ----      ------
.iar.init_table$$Base   0x08000730         --   Gb  - Linker created -
.iar.init_table$$Limit  0x08000740         --   Gb  - Linker created -
?main                   0x08000741        Code  Gb  cmain.o [4]
BusFault_Handler        0x080006db   0x2  Code  Gb  stm32l1xx_it.o [1]
CSTACK$$Base            0x20000028         --   Gb  - Linker created -
CSTACK$$Limit           0x20000428         --   Gb  - Linker created -
DebugMon_Handler        0x080006e1   0x2  Code  Gb  stm32l1xx_it.o [1]
EXTI0_Config            0x08000327  0x72  Code  Gb  main.o [1]
EXTI0_IRQHandler        0x080006e7  0x1c  Code  Gb  stm32l1xx_it.o [1]
EXTI_ClearITPendingBit  0x08000601   0x6  Code  Gb  stm32l1xx_exti.o [1]
EXTI_GetITStatus        0x080005eb  0x16  Code  Gb  stm32l1xx_exti.o [1]
EXTI_Init               0x08000565  0x86  Code  Gb  stm32l1xx_exti.o [1]
EXTI_InitStructure      0x20000018   0x8  Data  Gb  main.o [1]
GPIO_Init               0x080003fd  0xce  Code  Gb  stm32l1xx_gpio.o [1]
GPIO_InitStructure      0x20000010   0x8  Data  Gb  main.o [1]
GPIO_LedStructure       0x20000000   0x8  Data  Gb  main.o [1]
GPIO_ReadInputDataBit   0x080004e3  0x1c  Code  Gb  stm32l1xx_gpio.o [1]
GPIO_StructInit         0x080004cb  0x18  Code  Gb  stm32l1xx_gpio.o [1]
GPIO_SwitchStructure    0x20000008   0x8  Data  Gb  main.o [1]
GPIO_ToggleBits         0x080004ff   0x8  Code  Gb  stm32l1xx_gpio.o [1]
HardFault_Handler       0x080006d7   0x2  Code  Gb  stm32l1xx_it.o [1]
MemManage_Handler       0x080006d9   0x2  Code  Gb  stm32l1xx_it.o [1]
NMI_Handler             0x080006d5   0x2  Code  Gb  stm32l1xx_it.o [1]
NVIC_Init               0x0800061d  0x68  Code  Gb  misc.o [1]
NVIC_InitStructure      0x20000020   0x4  Data  Gb  main.o [1]
PendSV_Handler          0x080006e3   0x2  Code  Gb  stm32l1xx_it.o [1]
RCC_AHBPeriphClockCmd   0x080003b5  0x20  Code  Gb  stm32l1xx_rcc.o [1]
RCC_APB2PeriphClockCmd  0x080003d5  0x20  Code  Gb  stm32l1xx_rcc.o [1]
Region$$Table$$Base     0x08000730         --   Gb  - Linker created -
Region$$Table$$Limit    0x08000740         --   Gb  - Linker created -
SVC_Handler             0x080006df   0x2  Code  Gb  stm32l1xx_it.o [1]
SYSCFG_EXTILineConfig   0x08000509  0x58  Code  Gb  stm32l1xx_syscfg.o [1]
SetSysClock             0x08000177  0xf8  Code  Lc  system_stm32l1xx.o [1]
SysTick_Handler         0x080006e5   0x2  Code  Gb  stm32l1xx_it.o [1]
SystemInit              0x08000125  0x52  Code  Gb  system_stm32l1xx.o [1]
UsageFault_Handler      0x080006dd   0x2  Code  Gb  stm32l1xx_it.o [1]
__cmain                 0x08000741        Code  Gb  cmain.o [4]
__exit                  0x08000775  0x14  Code  Gb  exit.o [5]
__iar_data_init3        0x08000709  0x28  Code  Gb  data_init.o [4]
__iar_program_start     0x08000799        Code  Gb  cstartup_M.o [4]
__iar_systems$$module {Abs}
                        0x00000001        Data  Gb  command line/config [2]
__iar_zero_init3        0x08000695  0x40  Code  Gb  zero_init3.o [4]
__low_level_init        0x0800075f   0x4  Code  Gb  low_level_init.o [3]
__vector_table          0x08000000        Data  Gb  startup_stm32l1xx_xl.o [1]
_call_main              0x0800074d        Code  Gb  cmain.o [4]
_exit                   0x08000769        Code  Gb  cexit.o [4]
_main                   0x0800075b        Code  Gb  cmain.o [4]
delay_loop              0x08000313  0x14  Code  Gb  main.o [1]
exit                    0x08000763   0x4  Code  Gb  exit.o [3]
main                    0x08000299  0x7a  Code  Gb  main.o [1]


[1] = C:\Users\Tommy\Documents\ARM Projects\Projects\STM32L152_EXTINT\EWARM\Debug\Obj
[2] = command line
[3] = dl7M_tln.a
[4] = rt7M_tl.a
[5] = shb_l.a

  2 160 bytes of readonly  code memory
     16 bytes of readonly  data memory
  1 060 bytes of readwrite data memory

Errors: none
Warnings: none
