###############################################################################
#
# IAR ELF Linker V8.22.2.15995/W32 for ARM                09/Jun/2018  17:38:11
# Copyright 2007-2018 IAR Systems AB.
#
#    Output file  =  
#        C:\Users\Tommy\Documents\ARM
#        Projects\Projects\STM32L152_EXTINT\EWARM\Release\Exe\STM32L152-EVAL.out
#    Map file     =  
#        C:\Users\Tommy\Documents\ARM
#        Projects\Projects\STM32L152_EXTINT\EWARM\Release\List\STM32L152-EVAL.map
#    Command line =  
#        -f C:\Users\Tommy\AppData\Local\Temp\EWC72D.tmp
#        ("C:\Users\Tommy\Documents\ARM
#        Projects\Projects\STM32L152_EXTINT\EWARM\Release\Obj\main.o"
#        "C:\Users\Tommy\Documents\ARM
#        Projects\Projects\STM32L152_EXTINT\EWARM\Release\Obj\misc.o"
#        "C:\Users\Tommy\Documents\ARM
#        Projects\Projects\STM32L152_EXTINT\EWARM\Release\Obj\startup_stm32l1xx_xl.o"
#        "C:\Users\Tommy\Documents\ARM
#        Projects\Projects\STM32L152_EXTINT\EWARM\Release\Obj\stm32l1xx_adc.o"
#        "C:\Users\Tommy\Documents\ARM
#        Projects\Projects\STM32L152_EXTINT\EWARM\Release\Obj\stm32l1xx_aes.o"
#        "C:\Users\Tommy\Documents\ARM
#        Projects\Projects\STM32L152_EXTINT\EWARM\Release\Obj\stm32l1xx_aes_util.o"
#        "C:\Users\Tommy\Documents\ARM
#        Projects\Projects\STM32L152_EXTINT\EWARM\Release\Obj\stm32l1xx_comp.o"
#        "C:\Users\Tommy\Documents\ARM
#        Projects\Projects\STM32L152_EXTINT\EWARM\Release\Obj\stm32l1xx_crc.o"
#        "C:\Users\Tommy\Documents\ARM
#        Projects\Projects\STM32L152_EXTINT\EWARM\Release\Obj\stm32l1xx_dac.o"
#        "C:\Users\Tommy\Documents\ARM
#        Projects\Projects\STM32L152_EXTINT\EWARM\Release\Obj\stm32l1xx_dbgmcu.o"
#        "C:\Users\Tommy\Documents\ARM
#        Projects\Projects\STM32L152_EXTINT\EWARM\Release\Obj\stm32l1xx_dma.o"
#        "C:\Users\Tommy\Documents\ARM
#        Projects\Projects\STM32L152_EXTINT\EWARM\Release\Obj\stm32l1xx_exti.o"
#        "C:\Users\Tommy\Documents\ARM
#        Projects\Projects\STM32L152_EXTINT\EWARM\Release\Obj\stm32l1xx_flash.o"
#        "C:\Users\Tommy\Documents\ARM
#        Projects\Projects\STM32L152_EXTINT\EWARM\Release\Obj\stm32l1xx_flash_ramfunc.o"
#        "C:\Users\Tommy\Documents\ARM
#        Projects\Projects\STM32L152_EXTINT\EWARM\Release\Obj\stm32l1xx_fsmc.o"
#        "C:\Users\Tommy\Documents\ARM
#        Projects\Projects\STM32L152_EXTINT\EWARM\Release\Obj\stm32l1xx_gpio.o"
#        "C:\Users\Tommy\Documents\ARM
#        Projects\Projects\STM32L152_EXTINT\EWARM\Release\Obj\stm32l1xx_i2c.o"
#        "C:\Users\Tommy\Documents\ARM
#        Projects\Projects\STM32L152_EXTINT\EWARM\Release\Obj\stm32l1xx_it.o"
#        "C:\Users\Tommy\Documents\ARM
#        Projects\Projects\STM32L152_EXTINT\EWARM\Release\Obj\stm32l1xx_iwdg.o"
#        "C:\Users\Tommy\Documents\ARM
#        Projects\Projects\STM32L152_EXTINT\EWARM\Release\Obj\stm32l1xx_lcd.o"
#        "C:\Users\Tommy\Documents\ARM
#        Projects\Projects\STM32L152_EXTINT\EWARM\Release\Obj\stm32l1xx_opamp.o"
#        "C:\Users\Tommy\Documents\ARM
#        Projects\Projects\STM32L152_EXTINT\EWARM\Release\Obj\stm32l1xx_pwr.o"
#        "C:\Users\Tommy\Documents\ARM
#        Projects\Projects\STM32L152_EXTINT\EWARM\Release\Obj\stm32l1xx_rcc.o"
#        "C:\Users\Tommy\Documents\ARM
#        Projects\Projects\STM32L152_EXTINT\EWARM\Release\Obj\stm32l1xx_rtc.o"
#        "C:\Users\Tommy\Documents\ARM
#        Projects\Projects\STM32L152_EXTINT\EWARM\Release\Obj\stm32l1xx_sdio.o"
#        "C:\Users\Tommy\Documents\ARM
#        Projects\Projects\STM32L152_EXTINT\EWARM\Release\Obj\stm32l1xx_spi.o"
#        "C:\Users\Tommy\Documents\ARM
#        Projects\Projects\STM32L152_EXTINT\EWARM\Release\Obj\stm32l1xx_syscfg.o"
#        "C:\Users\Tommy\Documents\ARM
#        Projects\Projects\STM32L152_EXTINT\EWARM\Release\Obj\stm32l1xx_tim.o"
#        "C:\Users\Tommy\Documents\ARM
#        Projects\Projects\STM32L152_EXTINT\EWARM\Release\Obj\stm32l1xx_usart.o"
#        "C:\Users\Tommy\Documents\ARM
#        Projects\Projects\STM32L152_EXTINT\EWARM\Release\Obj\stm32l1xx_wwdg.o"
#        "C:\Users\Tommy\Documents\ARM
#        Projects\Projects\STM32L152_EXTINT\EWARM\Release\Obj\system_stm32l1xx.o"
#        --redirect _Printf=_PrintfFull --redirect _Scanf=_ScanfFull -o
#        "C:\Users\Tommy\Documents\ARM
#        Projects\Projects\STM32L152_EXTINT\EWARM\Release\Exe\STM32L152-EVAL.out"
#        --strip --map "C:\Users\Tommy\Documents\ARM
#        Projects\Projects\STM32L152_EXTINT\EWARM\Release\List\STM32L152-EVAL.map"
#        --config "C:\Users\Tommy\Documents\ARM
#        Projects\Projects\STM32L152_EXTINT\EWARM\stm32l1xx_flash.icf"
#        --semihosting --entry __iar_program_start --inline --no_exceptions
#        --merge_duplicate_sections --vfe --text_out locale)
#
###############################################################################

*******************************************************************************
*** RUNTIME MODEL ATTRIBUTES
***

CppFlavor       = *
__SystemLibrary = DLib
__dlib_version  = 6


*******************************************************************************
*** HEAP SELECTION
***

The basic heap was selected because some modules are built with
size limitations (and not runtime checking), and --advanced_heap
was not specified.


*******************************************************************************
*** PLACEMENT SUMMARY
***

"A0":  place at 0x08000000 { ro section .intvec };
"P1":  place in [from 0x08000000 to 0x0807ffff] { ro };
define block CSTACK with size = 1K, alignment = 8 { };
define block HEAP with size = 512, alignment = 8 { };
"P2":  place in [from 0x20000000 to 0x20013fff] {
          rw, block CSTACK, block HEAP };

  Section          Kind        Address   Size  Object
  -------          ----        -------   ----  ------
"A0":                                   0x124
  .intvec          ro code  0x08000000  0x124  startup_stm32l1xx_xl.o [1]
                          - 0x08000124  0x124

"P1":                                   0x4e8
  .text            ro code  0x08000124  0x104  main.o [1]
  .text            ro code  0x08000228   0x2c  stm32l1xx_rcc.o [1]
  .text            ro code  0x08000254   0x88  stm32l1xx_gpio.o [1]
  .text            ro code  0x080002dc   0x28  stm32l1xx_syscfg.o [1]
  .text            ro code  0x08000304   0x84  stm32l1xx_exti.o [1]
  .text            ro code  0x08000388   0x6c  misc.o [1]
  .text            ro code  0x080003f4  0x104  system_stm32l1xx.o [1]
  .text            ro code  0x080004f8   0x40  zero_init3.o [4]
  .text            ro code  0x08000538   0x38  stm32l1xx_it.o [1]
  .text            ro code  0x08000570   0x28  data_init.o [4]
  .iar.init_table  const    0x08000598   0x10  - Linker created -
  .text            ro code  0x080005a8   0x1e  cmain.o [4]
  .text            ro code  0x080005c6    0x4  exit.o [3]
  .text            ro code  0x080005cc    0xa  cexit.o [4]
  .text            ro code  0x080005d8   0x14  exit.o [5]
  .text            ro code  0x080005ec   0x10  startup_stm32l1xx_xl.o [1]
  .text            ro code  0x080005fc    0xc  cstartup_M.o [4]
  .text            ro code  0x08000608    0x4  startup_stm32l1xx_xl.o [1]
  .rodata          const    0x0800060c    0x0  zero_init3.o [4]
                          - 0x0800060c  0x4e8

"P2", part 1 of 2:                       0x24
  .bss             zero     0x20000000   0x14  main.o [1]
  .bss             zero     0x20000014   0x10  main.o [1]
                          - 0x20000024   0x24

"P2", part 2 of 2:                      0x400
  CSTACK                    0x20000028  0x400  <Block>
    CSTACK         uninit   0x20000028  0x400  <Block tail>
                          - 0x20000428  0x400


*******************************************************************************
*** INIT TABLE
***

          Address     Size
          -------     ----
Zero (__iar_zero_init3)
    1 destination range, total size 0x24:
          0x20000000  0x24



*******************************************************************************
*** MODULE SUMMARY
***

    Module                  ro code  ro data  rw data
    ------                  -------  -------  -------
C:\Users\Tommy\Documents\ARM Projects\Projects\STM32L152_EXTINT\EWARM\Release\Obj: [1]
    main.o                      260                36
    misc.o                      108
    startup_stm32l1xx_xl.o      312
    stm32l1xx_exti.o            132
    stm32l1xx_gpio.o            136
    stm32l1xx_it.o               56
    stm32l1xx_rcc.o              44
    stm32l1xx_syscfg.o           40
    system_stm32l1xx.o          260
    -------------------------------------------------
    Total:                    1 348                36

command line: [2]
    -------------------------------------------------
    Total:

dl7M_tln.a: [3]
    exit.o                        4
    -------------------------------------------------
    Total:                        4

rt7M_tl.a: [4]
    cexit.o                      10
    cmain.o                      30
    cstartup_M.o                 12
    data_init.o                  40
    zero_init3.o                 64
    -------------------------------------------------
    Total:                      156

shb_l.a: [5]
    exit.o                       20
    -------------------------------------------------
    Total:                       20

    Gaps                          4
    Linker created                        16    1 024
-----------------------------------------------------
    Grand Total:              1 532       16    1 060


*******************************************************************************
*** ENTRY LIST
***

Entry                      Address  Size  Type      Object
-----                      -------  ----  ----      ------
.iar.init_table$$Base   0x08000598         --   Gb  - Linker created -
.iar.init_table$$Limit  0x080005a8         --   Gb  - Linker created -
?main                   0x080005a9        Code  Gb  cmain.o [4]
BusFault_Handler        0x0800053f   0x2  Code  Gb  stm32l1xx_it.o [1]
CSTACK$$Base            0x20000028         --   Gb  - Linker created -
CSTACK$$Limit           0x20000428         --   Gb  - Linker created -
DebugMon_Handler        0x08000545   0x2  Code  Gb  stm32l1xx_it.o [1]
EXTI0_Config            0x080001b7  0x60  Code  Gb  main.o [1]
EXTI0_IRQHandler        0x0800054b  0x20  Code  Gb  stm32l1xx_it.o [1]
EXTI_ClearITPendingBit  0x0800037b   0x6  Code  Gb  stm32l1xx_exti.o [1]
EXTI_GetITStatus        0x0800036b  0x10  Code  Gb  stm32l1xx_exti.o [1]
EXTI_Init               0x08000305  0x66  Code  Gb  stm32l1xx_exti.o [1]
EXTI_InitStructure      0x20000008   0x8  Data  Gb  main.o [1]
GPIO_Init               0x08000255  0x60  Code  Gb  stm32l1xx_gpio.o [1]
GPIO_InitStructure      0x20000000   0x8  Data  Gb  main.o [1]
GPIO_LedStructure       0x20000014   0x8  Data  Gb  main.o [1]
GPIO_ReadInputDataBit   0x080002c7   0xe  Code  Gb  stm32l1xx_gpio.o [1]
GPIO_StructInit         0x080002b5  0x12  Code  Gb  stm32l1xx_gpio.o [1]
GPIO_SwitchStructure    0x2000001c   0x8  Data  Gb  main.o [1]
GPIO_ToggleBits         0x080002d5   0x8  Code  Gb  stm32l1xx_gpio.o [1]
HardFault_Handler       0x0800053b   0x2  Code  Gb  stm32l1xx_it.o [1]
MemManage_Handler       0x0800053d   0x2  Code  Gb  stm32l1xx_it.o [1]
NMI_Handler             0x08000539   0x2  Code  Gb  stm32l1xx_it.o [1]
NVIC_Init               0x08000389  0x5a  Code  Gb  misc.o [1]
NVIC_InitStructure      0x20000010   0x4  Data  Gb  main.o [1]
PendSV_Handler          0x08000547   0x2  Code  Gb  stm32l1xx_it.o [1]
RCC_AHBPeriphClockCmd   0x08000229  0x12  Code  Gb  stm32l1xx_rcc.o [1]
RCC_APB2PeriphClockCmd  0x0800023b  0x12  Code  Gb  stm32l1xx_rcc.o [1]
Region$$Table$$Base     0x08000598         --   Gb  - Linker created -
Region$$Table$$Limit    0x080005a8         --   Gb  - Linker created -
SVC_Handler             0x08000543   0x2  Code  Gb  stm32l1xx_it.o [1]
SYSCFG_EXTILineConfig   0x080002dd  0x24  Code  Gb  stm32l1xx_syscfg.o [1]
SysTick_Handler         0x08000549   0x2  Code  Gb  stm32l1xx_it.o [1]
SystemInit              0x080003f5  0xf0  Code  Gb  system_stm32l1xx.o [1]
UsageFault_Handler      0x08000541   0x2  Code  Gb  stm32l1xx_it.o [1]
__cmain                 0x080005a9        Code  Gb  cmain.o [4]
__exit                  0x080005d9  0x14  Code  Gb  exit.o [5]
__iar_data_init3        0x08000571  0x28  Code  Gb  data_init.o [4]
__iar_program_start     0x080005fd        Code  Gb  cstartup_M.o [4]
__iar_systems$$module {Abs}
                        0x00000001        Data  Gb  command line/config [2]
__iar_zero_init3        0x080004f9  0x40  Code  Gb  zero_init3.o [4]
__vector_table          0x08000000        Data  Gb  startup_stm32l1xx_xl.o [1]
_call_main              0x080005b5        Code  Gb  cmain.o [4]
_exit                   0x080005cd        Code  Gb  cexit.o [4]
_main                   0x080005c3        Code  Gb  cmain.o [4]
exit                    0x080005c7   0x4  Code  Gb  exit.o [3]
main                    0x08000125  0x92  Code  Gb  main.o [1]


[1] = C:\Users\Tommy\Documents\ARM Projects\Projects\STM32L152_EXTINT\EWARM\Release\Obj
[2] = command line
[3] = dl7M_tln.a
[4] = rt7M_tl.a
[5] = shb_l.a

  1 532 bytes of readonly  code memory
     16 bytes of readonly  data memory
  1 060 bytes of readwrite data memory

Errors: none
Warnings: none
