Component: ARM Compiler 5.06 update 5 (build 528) Tool: armlink [4d35e2]

==============================================================================

Section Cross References

    first.o(RESET) refers to first.o(MYCODE) for Reset_Handler
    first.o(MYCODE) refers to first.o(RESET) for string


==============================================================================

Image Symbol Table

    Local Symbols

    Symbol Name                              Value     Ov Type        Size  Object(Section)

    first.s                                  0x00000000   Number         0  first.o ABSOLUTE
    RESET                                    0x08000000   Section       25  first.o(RESET)
    string                                   0x08000008   Data           0  first.o(RESET)
    MYCODE                                   0x0800001c   Section       36  first.o(MYCODE)

    Global Symbols

    Symbol Name                              Value     Ov Type        Size  Object(Section)

    BuildAttributes$$THM_ISAv4$P$D$K$B$S$PE$A:L22UL41UL21$X:L11$S22US41US21$IEEE1$IW$USESV6$~STKCKD$USESV7$~SHL$OSPACE$EBA8$STANDARDLIB$PRES8$EABIv2 0x00000000   Number         0  anon$$obj.o ABSOLUTE
    __Vectors                                0x08000000   Data           0  first.o(RESET)
    Reset_Handler                            0x08000031   Thumb Code     0  first.o(MYCODE)



==============================================================================

Memory Map of the image

  Image Entry point : 0x08000031

  Load Region LR_1 (Base: 0x08000000, Size: 0x00000040, Max: 0xffffffff, ABSOLUTE)

    Execution Region ER_RO (Exec base: 0x08000000, Load base: 0x08000000, Size: 0x00000040, Max: 0xffffffff, ABSOLUTE)

    Exec Addr    Load Addr    Size         Type   Attr      Idx    E Section Name        Object

    0x08000000   0x08000000   0x00000019   Data   RO            1    RESET               first.o
    0x08000019   0x08000019   0x00000003   PAD
    0x0800001c   0x0800001c   0x00000024   Code   RO            2  * MYCODE              first.o


    Execution Region ER_RW (Exec base: 0x20000000, Load base: 0x08000040, Size: 0x00000000, Max: 0xffffffff, ABSOLUTE)

    **** No section assigned to this execution region ****


    Execution Region ER_ZI (Exec base: 0x20000000, Load base: 0x08000040, Size: 0x00000000, Max: 0xffffffff, ABSOLUTE)

    **** No section assigned to this execution region ****


==============================================================================

Image component sizes


      Code (inc. data)   RO Data    RW Data    ZI Data      Debug   Object Name

        36          8         25          0          0        276   first.o

    ----------------------------------------------------------------------
        36          8         28          0          0        276   Object Totals
         0          0          0          0          0          0   (incl. Generated)
         0          0          3          0          0          0   (incl. Padding)

    ----------------------------------------------------------------------
         0          0          0          0          0          0   Library Totals
         0          0          0          0          0          0   (incl. Padding)

    ----------------------------------------------------------------------

==============================================================================


      Code (inc. data)   RO Data    RW Data    ZI Data      Debug   

        36          8         28          0          0        276   Grand Totals
        36          8         28          0          0        276   ELF Image Totals
        36          8         28          0          0          0   ROM Totals

==============================================================================

    Total RO  Size (Code + RO Data)                   64 (   0.06kB)
    Total RW  Size (RW Data + ZI Data)                 0 (   0.00kB)
    Total ROM Size (Code + RO Data + RW Data)         64 (   0.06kB)

==============================================================================

